// Jest Snapshot v1, https://goo.gl/fbAQLP

exports[`Matrix renders all examples 1`] = `
<div>
  <div
    class="nano11fangb"
  >
    <div
      class="nano1d47vpu"
      w="512"
    >
      <svg
        blacklist="color,bg,m,mt,mr,mb,ml,mx,my,p,pt,pr,pb,pl,px,py,css"
        class="sc-cHGsZl dgyxZK"
        color="blue "
        height="128"
        stroke-width="2"
        value="0.2"
        viewBox="0 0 32 32"
        width="128"
      >
        <circle
          cx="16"
          cy="16"
          fill="none"
          opacity="0.125"
          r="14"
          stroke="currentcolor"
          stroke-width="2"
        />
        <circle
          cx="16"
          cy="16"
          fill="none"
          r="14"
          stroke="currentcolor"
          stroke-dasharray="87.96459430051421"
          stroke-dashoffset="70.37167544041137"
          stroke-width="2"
          transform="rotate(-90 16 16)"
        />
      </svg>
    </div>
    <style>
      .nano1d47vpu{width:512px}
    </style>
    <div
      class="nano1d47vpu"
      w="512"
    >
      <svg
        blacklist="color,bg,m,mt,mr,mb,ml,mx,my,p,pt,pr,pb,pl,px,py,css"
        class="sc-cHGsZl kHqkDi"
        color="pink"
        height="128"
        stroke-width="2"
        value="0.2"
        viewBox="0 0 32 32"
        width="128"
      >
        <circle
          cx="16"
          cy="16"
          fill="none"
          opacity="0.125"
          r="14"
          stroke="currentcolor"
          stroke-width="2"
        />
        <circle
          cx="16"
          cy="16"
          fill="none"
          r="14"
          stroke="currentcolor"
          stroke-dasharray="87.96459430051421"
          stroke-dashoffset="70.37167544041137"
          stroke-width="2"
          transform="rotate(-90 16 16)"
        />
      </svg>
    </div>
    <style>
      .nano1d47vpu{width:512px}
    </style>
    <div
      class="nano1d47vpu"
      w="512"
    >
      <svg
        blacklist="color,bg,m,mt,mr,mb,ml,mx,my,p,pt,pr,pb,pl,px,py,css"
        class="sc-cHGsZl iyNBzh"
        color="tomato"
        height="128"
        stroke-width="2"
        value="0.2"
        viewBox="0 0 32 32"
        width="128"
      >
        <circle
          cx="16"
          cy="16"
          fill="none"
          opacity="0.125"
          r="14"
          stroke="currentcolor"
          stroke-width="2"
        />
        <circle
          cx="16"
          cy="16"
          fill="none"
          r="14"
          stroke="currentcolor"
          stroke-dasharray="87.96459430051421"
          stroke-dashoffset="70.37167544041137"
          stroke-width="2"
          transform="rotate(-90 16 16)"
        />
      </svg>
    </div>
    <style>
      .nano1d47vpu{width:512px}
    </style>
    <div
      class="nano1d47vpu"
      w="512"
    >
      <svg
        blacklist="color,bg,m,mt,mr,mb,ml,mx,my,p,pt,pr,pb,pl,px,py,css"
        class="sc-cHGsZl dEoevi"
        color="purple"
        height="128"
        stroke-width="2"
        value="0.2"
        viewBox="0 0 32 32"
        width="128"
      >
        <circle
          cx="16"
          cy="16"
          fill="none"
          opacity="0.125"
          r="14"
          stroke="currentcolor"
          stroke-width="2"
        />
        <circle
          cx="16"
          cy="16"
          fill="none"
          r="14"
          stroke="currentcolor"
          stroke-dasharray="87.96459430051421"
          stroke-dashoffset="70.37167544041137"
          stroke-width="2"
          transform="rotate(-90 16 16)"
        />
      </svg>
    </div>
    <style>
      .nano1d47vpu{width:512px}
    </style>
  </div>
  <style>
    .nano11fangb{display:flex}.nano11fangb{overflow-x:auto}
  </style>
  <div
    class="nano11fangb"
  >
    <div
      class="nano1d47vpu"
      w="512"
    >
      <svg
        blacklist="color,bg,m,mt,mr,mb,ml,mx,my,p,pt,pr,pb,pl,px,py,css"
        class="sc-cHGsZl dgyxZK"
        color="blue "
        height="128"
        stroke-width="2"
        value="0.25"
        viewBox="0 0 32 32"
        width="128"
      >
        <circle
          cx="16"
          cy="16"
          fill="none"
          opacity="0.125"
          r="14"
          stroke="currentcolor"
          stroke-width="2"
        />
        <circle
          cx="16"
          cy="16"
          fill="none"
          r="14"
          stroke="currentcolor"
          stroke-dasharray="87.96459430051421"
          stroke-dashoffset="65.97344572538566"
          stroke-width="2"
          transform="rotate(-90 16 16)"
        />
      </svg>
    </div>
    <style>
      .nano1d47vpu{width:512px}
    </style>
    <div
      class="nano1d47vpu"
      w="512"
    >
      <svg
        blacklist="color,bg,m,mt,mr,mb,ml,mx,my,p,pt,pr,pb,pl,px,py,css"
        class="sc-cHGsZl kHqkDi"
        color="pink"
        height="128"
        stroke-width="2"
        value="0.25"
        viewBox="0 0 32 32"
        width="128"
      >
        <circle
          cx="16"
          cy="16"
          fill="none"
          opacity="0.125"
          r="14"
          stroke="currentcolor"
          stroke-width="2"
        />
        <circle
          cx="16"
          cy="16"
          fill="none"
          r="14"
          stroke="currentcolor"
          stroke-dasharray="87.96459430051421"
          stroke-dashoffset="65.97344572538566"
          stroke-width="2"
          transform="rotate(-90 16 16)"
        />
      </svg>
    </div>
    <style>
      .nano1d47vpu{width:512px}
    </style>
    <div
      class="nano1d47vpu"
      w="512"
    >
      <svg
        blacklist="color,bg,m,mt,mr,mb,ml,mx,my,p,pt,pr,pb,pl,px,py,css"
        class="sc-cHGsZl iyNBzh"
        color="tomato"
        height="128"
        stroke-width="2"
        value="0.25"
        viewBox="0 0 32 32"
        width="128"
      >
        <circle
          cx="16"
          cy="16"
          fill="none"
          opacity="0.125"
          r="14"
          stroke="currentcolor"
          stroke-width="2"
        />
        <circle
          cx="16"
          cy="16"
          fill="none"
          r="14"
          stroke="currentcolor"
          stroke-dasharray="87.96459430051421"
          stroke-dashoffset="65.97344572538566"
          stroke-width="2"
          transform="rotate(-90 16 16)"
        />
      </svg>
    </div>
    <style>
      .nano1d47vpu{width:512px}
    </style>
    <div
      class="nano1d47vpu"
      w="512"
    >
      <svg
        blacklist="color,bg,m,mt,mr,mb,ml,mx,my,p,pt,pr,pb,pl,px,py,css"
        class="sc-cHGsZl dEoevi"
        color="purple"
        height="128"
        stroke-width="2"
        value="0.25"
        viewBox="0 0 32 32"
        width="128"
      >
        <circle
          cx="16"
          cy="16"
          fill="none"
          opacity="0.125"
          r="14"
          stroke="currentcolor"
          stroke-width="2"
        />
        <circle
          cx="16"
          cy="16"
          fill="none"
          r="14"
          stroke="currentcolor"
          stroke-dasharray="87.96459430051421"
          stroke-dashoffset="65.97344572538566"
          stroke-width="2"
          transform="rotate(-90 16 16)"
        />
      </svg>
    </div>
    <style>
      .nano1d47vpu{width:512px}
    </style>
  </div>
  <style>
    .nano11fangb{display:flex}.nano11fangb{overflow-x:auto}
  </style>
  <div
    class="nano11fangb"
  >
    <div
      class="nano1d47vpu"
      w="512"
    >
      <svg
        blacklist="color,bg,m,mt,mr,mb,ml,mx,my,p,pt,pr,pb,pl,px,py,css"
        class="sc-cHGsZl dgyxZK"
        color="blue "
        height="128"
        stroke-width="2"
        value="0.3333333333333333"
        viewBox="0 0 32 32"
        width="128"
      >
        <circle
          cx="16"
          cy="16"
          fill="none"
          opacity="0.125"
          r="14"
          stroke="currentcolor"
          stroke-width="2"
        />
        <circle
          cx="16"
          cy="16"
          fill="none"
          r="14"
          stroke="currentcolor"
          stroke-dasharray="87.96459430051421"
          stroke-dashoffset="58.643062867009476"
          stroke-width="2"
          transform="rotate(-90 16 16)"
        />
      </svg>
    </div>
    <style>
      .nano1d47vpu{width:512px}
    </style>
    <div
      class="nano1d47vpu"
      w="512"
    >
      <svg
        blacklist="color,bg,m,mt,mr,mb,ml,mx,my,p,pt,pr,pb,pl,px,py,css"
        class="sc-cHGsZl kHqkDi"
        color="pink"
        height="128"
        stroke-width="2"
        value="0.3333333333333333"
        viewBox="0 0 32 32"
        width="128"
      >
        <circle
          cx="16"
          cy="16"
          fill="none"
          opacity="0.125"
          r="14"
          stroke="currentcolor"
          stroke-width="2"
        />
        <circle
          cx="16"
          cy="16"
          fill="none"
          r="14"
          stroke="currentcolor"
          stroke-dasharray="87.96459430051421"
          stroke-dashoffset="58.643062867009476"
          stroke-width="2"
          transform="rotate(-90 16 16)"
        />
      </svg>
    </div>
    <style>
      .nano1d47vpu{width:512px}
    </style>
    <div
      class="nano1d47vpu"
      w="512"
    >
      <svg
        blacklist="color,bg,m,mt,mr,mb,ml,mx,my,p,pt,pr,pb,pl,px,py,css"
        class="sc-cHGsZl iyNBzh"
        color="tomato"
        height="128"
        stroke-width="2"
        value="0.3333333333333333"
        viewBox="0 0 32 32"
        width="128"
      >
        <circle
          cx="16"
          cy="16"
          fill="none"
          opacity="0.125"
          r="14"
          stroke="currentcolor"
          stroke-width="2"
        />
        <circle
          cx="16"
          cy="16"
          fill="none"
          r="14"
          stroke="currentcolor"
          stroke-dasharray="87.96459430051421"
          stroke-dashoffset="58.643062867009476"
          stroke-width="2"
          transform="rotate(-90 16 16)"
        />
      </svg>
    </div>
    <style>
      .nano1d47vpu{width:512px}
    </style>
    <div
      class="nano1d47vpu"
      w="512"
    >
      <svg
        blacklist="color,bg,m,mt,mr,mb,ml,mx,my,p,pt,pr,pb,pl,px,py,css"
        class="sc-cHGsZl dEoevi"
        color="purple"
        height="128"
        stroke-width="2"
        value="0.3333333333333333"
        viewBox="0 0 32 32"
        width="128"
      >
        <circle
          cx="16"
          cy="16"
          fill="none"
          opacity="0.125"
          r="14"
          stroke="currentcolor"
          stroke-width="2"
        />
        <circle
          cx="16"
          cy="16"
          fill="none"
          r="14"
          stroke="currentcolor"
          stroke-dasharray="87.96459430051421"
          stroke-dashoffset="58.643062867009476"
          stroke-width="2"
          transform="rotate(-90 16 16)"
        />
      </svg>
    </div>
    <style>
      .nano1d47vpu{width:512px}
    </style>
  </div>
  <style>
    .nano11fangb{display:flex}.nano11fangb{overflow-x:auto}
  </style>
  <div
    class="nano11fangb"
  >
    <div
      class="nano1d47vpu"
      w="512"
    >
      <svg
        blacklist="color,bg,m,mt,mr,mb,ml,mx,my,p,pt,pr,pb,pl,px,py,css"
        class="sc-cHGsZl dgyxZK"
        color="blue "
        height="128"
        stroke-width="2"
        value="0.75"
        viewBox="0 0 32 32"
        width="128"
      >
        <circle
          cx="16"
          cy="16"
          fill="none"
          opacity="0.125"
          r="14"
          stroke="currentcolor"
          stroke-width="2"
        />
        <circle
          cx="16"
          cy="16"
          fill="none"
          r="14"
          stroke="currentcolor"
          stroke-dasharray="87.96459430051421"
          stroke-dashoffset="21.99114857512855"
          stroke-width="2"
          transform="rotate(-90 16 16)"
        />
      </svg>
    </div>
    <style>
      .nano1d47vpu{width:512px}
    </style>
    <div
      class="nano1d47vpu"
      w="512"
    >
      <svg
        blacklist="color,bg,m,mt,mr,mb,ml,mx,my,p,pt,pr,pb,pl,px,py,css"
        class="sc-cHGsZl kHqkDi"
        color="pink"
        height="128"
        stroke-width="2"
        value="0.75"
        viewBox="0 0 32 32"
        width="128"
      >
        <circle
          cx="16"
          cy="16"
          fill="none"
          opacity="0.125"
          r="14"
          stroke="currentcolor"
          stroke-width="2"
        />
        <circle
          cx="16"
          cy="16"
          fill="none"
          r="14"
          stroke="currentcolor"
          stroke-dasharray="87.96459430051421"
          stroke-dashoffset="21.99114857512855"
          stroke-width="2"
          transform="rotate(-90 16 16)"
        />
      </svg>
    </div>
    <style>
      .nano1d47vpu{width:512px}
    </style>
    <div
      class="nano1d47vpu"
      w="512"
    >
      <svg
        blacklist="color,bg,m,mt,mr,mb,ml,mx,my,p,pt,pr,pb,pl,px,py,css"
        class="sc-cHGsZl iyNBzh"
        color="tomato"
        height="128"
        stroke-width="2"
        value="0.75"
        viewBox="0 0 32 32"
        width="128"
      >
        <circle
          cx="16"
          cy="16"
          fill="none"
          opacity="0.125"
          r="14"
          stroke="currentcolor"
          stroke-width="2"
        />
        <circle
          cx="16"
          cy="16"
          fill="none"
          r="14"
          stroke="currentcolor"
          stroke-dasharray="87.96459430051421"
          stroke-dashoffset="21.99114857512855"
          stroke-width="2"
          transform="rotate(-90 16 16)"
        />
      </svg>
    </div>
    <style>
      .nano1d47vpu{width:512px}
    </style>
    <div
      class="nano1d47vpu"
      w="512"
    >
      <svg
        blacklist="color,bg,m,mt,mr,mb,ml,mx,my,p,pt,pr,pb,pl,px,py,css"
        class="sc-cHGsZl dEoevi"
        color="purple"
        height="128"
        stroke-width="2"
        value="0.75"
        viewBox="0 0 32 32"
        width="128"
      >
        <circle
          cx="16"
          cy="16"
          fill="none"
          opacity="0.125"
          r="14"
          stroke="currentcolor"
          stroke-width="2"
        />
        <circle
          cx="16"
          cy="16"
          fill="none"
          r="14"
          stroke="currentcolor"
          stroke-dasharray="87.96459430051421"
          stroke-dashoffset="21.99114857512855"
          stroke-width="2"
          transform="rotate(-90 16 16)"
        />
      </svg>
    </div>
    <style>
      .nano1d47vpu{width:512px}
    </style>
  </div>
  <style>
    .nano11fangb{display:flex}.nano11fangb{overflow-x:auto}
  </style>
</div>
`;
